{"level":50,"time":1788440384819,"pid":12996,"hostname":"WINDOWS-PC","err":{"type":"PlaywrightError","message":"browserType.launchPersistentContext: Opening in existing browser session. This usually means that the profile is already in use by another instance of Chromium.\nCall log:\n\u001b[2m  - <launching> C:\\Program Files\\Google\\Chrome\\Application\\chrome.exe --disable-field-trial-config --disable-background-networking --disable-background-timer-throttling --disable-backgrounding-occluded-windows --disable-back-forward-cache --disable-breakpad --disable-client-side-phishing-detection --disable-component-extensions-with-background-pages --disable-component-update --no-default-browser-check --disable-default-apps --disable-dev-shm-usage --disable-edgeupdater --disable-extensions --disable-features=AvoidUnnecessaryBeforeUnloadCheckSync,BoundaryEventDispatchTracksNodeRemoval,DestroyProfileOnBrowserClose,DialMediaRouteProvider,GlobalMediaControls,HttpsUpgrades,LensOverlay,MediaRouter,PaintHolding,ThirdPartyStoragePartitioning,BlockOriginHeaderModificationOnRedirect,Translate,AutoDeElevate,OptimizationHints,msForceBrowserSignIn,msEdgeUpdateLaunchServicesPreferredVersion --enable-features=CDPScreenshotNewSurface --allow-pre-commit-input --disable-hang-monitor --disable-ipc-flooding-protection --disable-popup-blocking --disable-prompt-on-repost --disable-renderer-backgrounding --disable-updater-scheduler --force-color-profile=srgb --metrics-recording-only --no-first-run --password-store=basic --use-mock-keychain --no-service-autorun --export-tagged-pdf --disable-search-engine-choice-screen --unsafely-disable-devtools-self-xss-warnings --edge-skip-compat-layer-relaunch --disable-infobars --disable-search-engine-choice-screen --disable-sync --enable-unsafe-swiftshader --no-sandbox --disable-background-timer-throttling --disable-renderer-backgrounding --disable-blink-features=AutomationControlled --user-data-dir=D:\\hoat_hinh\\postman-openai-bridge-v0.1.0\\.postman-profile --remote-debugging-pipe about:blank\u001b[22m\n\u001b[2m  - <launched> pid=4168\u001b[22m\n\u001b[2m  - [pid=4168][out] Opening in existing browser session.\u001b[22m\n\u001b[2m  - [pid=4168] <gracefully close start>\u001b[22m\n\u001b[2m  - [pid=4168] <kill>\u001b[22m\n\u001b[2m  - [pid=4168] <will force kill>\u001b[22m\n\u001b[2m  - [pid=4168] taskkill stderr: ERROR: The process \"4168\" not found.\u001b[22m\n\u001b[2m  - [pid=4168] <process did exit: exitCode=0, signal=null>\u001b[22m\n\u001b[2m  - [pid=4168] starting temporary directories cleanup\u001b[22m\n\u001b[2m  - [pid=4168] finished temporary directories cleanup\u001b[22m\n\u001b[2m  - [pid=4168] <gracefully close end>\u001b[22m\n","stack":"browserType.launchPersistentContext: Opening in existing browser session. This usually means that the profile is already in use by another instance of Chromium.\nCall log:\n\u001b[2m  - <launching> C:\\Program Files\\Google\\Chrome\\Application\\chrome.exe --disable-field-trial-config --disable-background-networking --disable-background-timer-throttling --disable-backgrounding-occluded-windows --disable-back-forward-cache --disable-breakpad --disable-client-side-phishing-detection --disable-component-extensions-with-background-pages --disable-component-update --no-default-browser-check --disable-default-apps --disable-dev-shm-usage --disable-edgeupdater --disable-extensions --disable-features=AvoidUnnecessaryBeforeUnloadCheckSync,BoundaryEventDispatchTracksNodeRemoval,DestroyProfileOnBrowserClose,DialMediaRouteProvider,GlobalMediaControls,HttpsUpgrades,LensOverlay,MediaRouter,PaintHolding,ThirdPartyStoragePartitioning,BlockOriginHeaderModificationOnRedirect,Translate,AutoDeElevate,OptimizationHints,msForceBrowserSignIn,msEdgeUpdateLaunchServicesPreferredVersion --enable-features=CDPScreenshotNewSurface --allow-pre-commit-input --disable-hang-monitor --disable-ipc-flooding-protection --disable-popup-blocking --disable-prompt-on-repost --disable-renderer-backgrounding --disable-updater-scheduler --force-color-profile=srgb --metrics-recording-only --no-first-run --password-store=basic --use-mock-keychain --no-service-autorun --export-tagged-pdf --disable-search-engine-choice-screen --unsafely-disable-devtools-self-xss-warnings --edge-skip-compat-layer-relaunch --disable-infobars --disable-search-engine-choice-screen --disable-sync --enable-unsafe-swiftshader --no-sandbox --disable-background-timer-throttling --disable-renderer-backgrounding --disable-blink-features=AutomationControlled --user-data-dir=D:\\hoat_hinh\\postman-openai-bridge-v0.1.0\\.postman-profile --remote-debugging-pipe about:blank\u001b[22m\n\u001b[2m  - <launched> pid=4168\u001b[22m\n\u001b[2m  - [pid=4168][out] Opening in existing browser session.\u001b[22m\n\u001b[2m  - [pid=4168] <gracefully close start>\u001b[22m\n\u001b[2m  - [pid=4168] <kill>\u001b[22m\n\u001b[2m  - [pid=4168] <will force kill>\u001b[22m\n\u001b[2m  - [pid=4168] taskkill stderr: ERROR: The process \"4168\" not found.\u001b[22m\n\u001b[2m  - [pid=4168] <process did exit: exitCode=0, signal=null>\u001b[22m\n\u001b[2m  - [pid=4168] starting temporary directories cleanup\u001b[22m\n\u001b[2m  - [pid=4168] finished temporary directories cleanup\u001b[22m\n\u001b[2m  - [pid=4168] <gracefully close end>\u001b[22m\n\n    at async BrowserManager.ensureContext (D:\\hoat_hinh\\postman-openai-bridge-v0.1.0\\src\\browser\\browser-manager.ts:93:21)\n    at async BrowserManager.getPage (D:\\hoat_hinh\\postman-openai-bridge-v0.1.0\\src\\browser\\browser-manager.ts:103:21)\n    at async <anonymous> (D:\\hoat_hinh\\postman-openai-bridge-v0.1.0\\src\\server.ts:94:5)","log":["  - <launching> C:\\Program Files\\Google\\Chrome\\Application\\chrome.exe --disable-field-trial-config --disable-background-networking --disable-background-timer-throttling --disable-backgrounding-occluded-windows --disable-back-forward-cache --disable-breakpad --disable-client-side-phishing-detection --disable-component-extensions-with-background-pages --disable-component-update --no-default-browser-check --disable-default-apps --disable-dev-shm-usage --disable-edgeupdater --disable-extensions --disable-features=AvoidUnnecessaryBeforeUnloadCheckSync,BoundaryEventDispatchTracksNodeRemoval,DestroyProfileOnBrowserClose,DialMediaRouteProvider,GlobalMediaControls,HttpsUpgrades,LensOverlay,MediaRouter,PaintHolding,ThirdPartyStoragePartitioning,BlockOriginHeaderModificationOnRedirect,Translate,AutoDeElevate,OptimizationHints,msForceBrowserSignIn,msEdgeUpdateLaunchServicesPreferredVersion --enable-features=CDPScreenshotNewSurface --allow-pre-commit-input --disable-hang-monitor --disable-ipc-flooding-protection --disable-popup-blocking --disable-prompt-on-repost --disable-renderer-backgrounding --disable-updater-scheduler --force-color-profile=srgb --metrics-recording-only --no-first-run --password-store=basic --use-mock-keychain --no-service-autorun --export-tagged-pdf --disable-search-engine-choice-screen --unsafely-disable-devtools-self-xss-warnings --edge-skip-compat-layer-relaunch --disable-infobars --disable-search-engine-choice-screen --disable-sync --enable-unsafe-swiftshader --no-sandbox --disable-background-timer-throttling --disable-renderer-backgrounding --disable-blink-features=AutomationControlled --user-data-dir=D:\\hoat_hinh\\postman-openai-bridge-v0.1.0\\.postman-profile --remote-debugging-pipe about:blank","  - <launched> pid=4168","  - [pid=4168][out] Opening in existing browser session.","  - [pid=4168] <gracefully close start>","  - [pid=4168] <kill>","  - [pid=4168] <will force kill>","  - [pid=4168] taskkill stderr: ERROR: The process \"4168\" not found.","  - [pid=4168] <process did exit: exitCode=0, signal=null>","  - [pid=4168] starting temporary directories cleanup","  - [pid=4168] finished temporary directories cleanup","  - [pid=4168] <gracefully close end>"],"name":"Error"},"msg":"browserType.launchPersistentContext: Opening in existing browser session. This usually means that the profile is already in use by another instance of Chromium.\nCall log:\n\u001b[2m  - <launching> C:\\Program Files\\Google\\Chrome\\Application\\chrome.exe --disable-field-trial-config --disable-background-networking --disable-background-timer-throttling --disable-backgrounding-occluded-windows --disable-back-forward-cache --disable-breakpad --disable-client-side-phishing-detection --disable-component-extensions-with-background-pages --disable-component-update --no-default-browser-check --disable-default-apps --disable-dev-shm-usage --disable-edgeupdater --disable-extensions --disable-features=AvoidUnnecessaryBeforeUnloadCheckSync,BoundaryEventDispatchTracksNodeRemoval,DestroyProfileOnBrowserClose,DialMediaRouteProvider,GlobalMediaControls,HttpsUpgrades,LensOverlay,MediaRouter,PaintHolding,ThirdPartyStoragePartitioning,BlockOriginHeaderModificationOnRedirect,Translate,AutoDeElevate,OptimizationHints,msForceBrowserSignIn,msEdgeUpdateLaunchServicesPreferredVersion --enable-features=CDPScreenshotNewSurface --allow-pre-commit-input --disable-hang-monitor --disable-ipc-flooding-protection --disable-popup-blocking --disable-prompt-on-repost --disable-renderer-backgrounding --disable-updater-scheduler --force-color-profile=srgb --metrics-recording-only --no-first-run --password-store=basic --use-mock-keychain --no-service-autorun --export-tagged-pdf --disable-search-engine-choice-screen --unsafely-disable-devtools-self-xss-warnings --edge-skip-compat-layer-relaunch --disable-infobars --disable-search-engine-choice-screen --disable-sync --enable-unsafe-swiftshader --no-sandbox --disable-background-timer-throttling --disable-renderer-backgrounding --disable-blink-features=AutomationControlled --user-data-dir=D:\\hoat_hinh\\postman-openai-bridge-v0.1.0\\.postman-profile --remote-debugging-pipe about:blank\u001b[22m\n\u001b[2m  - <launched> pid=4168\u001b[22m\n\u001b[2m  - [pid=4168][out] Opening in existing browser session.\u001b[22m\n\u001b[2m  - [pid=4168] <gracefully close start>\u001b[22m\n\u001b[2m  - [pid=4168] <kill>\u001b[22m\n\u001b[2m  - [pid=4168] <will force kill>\u001b[22m\n\u001b[2m  - [pid=4168] taskkill stderr: ERROR: The process \"4168\" not found.\u001b[22m\n\u001b[2m  - [pid=4168] <process did exit: exitCode=0, signal=null>\u001b[22m\n\u001b[2m  - [pid=4168] starting temporary directories cleanup\u001b[22m\n\u001b[2m  - [pid=4168] finished temporary directories cleanup\u001b[22m\n\u001b[2m  - [pid=4168] <gracefully close end>\u001b[22m\n"}
